               total        used        free      shared  buff/cache   available
Mem:            7942        4034         146          67        4145        3908
Swap:              0           0           0
               total        used        free      shared  buff/cache   available
Mem:            7942        4049         137          67        4138        3892
Swap:              0           0           0
               total        used        free      shared  buff/cache   available
Mem:            7942        4043         184          67        4097        3898
Swap:              0           0           0
               total        used        free      shared  buff/cache   available
Mem:            7942        4040         131          67        4153        3901
Swap:              0           0           0
               total        used        free      shared  buff/cache   available
Mem:            7942        4052         123          67        4149        3889
Swap:              0           0           0
               total        used        free      shared  buff/cache   available
Mem:            7942        4059         186          67        4083        3882
Swap:              0           0           0
               total        used        free      shared  buff/cache   available
Mem:            7942        4067         148          67        4109        3874
Swap:              0           0           0
               total        used        free      shared  buff/cache   available
Mem:            7942        4054         138          67        4131        3887
Swap:              0           0           0
               total        used        free      shared  buff/cache   available
Mem:            7942        4057         158          67        4109        3884
Swap:              0           0           0
               total        used        free      shared  buff/cache   available
Mem:            7942        4050         166          67        4107        3891
Swap:              0           0           0
               total        used        free      shared  buff/cache   available
Mem:            7942        4063         169          67        4092        3878
Swap:              0           0           0
               total        used        free      shared  buff/cache   available
Mem:            7942        4053         157          67        4114        3889
Swap:              0           0           0
               total        used        free      shared  buff/cache   available
Mem:            7942        4030         159          67        4134        3911
Swap:              0           0           0
               total        used        free      shared  buff/cache   available
Mem:            7942        4052         522          67        3750        3890
Swap:              0           0           0
               total        used        free      shared  buff/cache   available
Mem:            7942        4040         426          67        3858        3901
Swap:              0           0           0
               total        used        free      shared  buff/cache   available
Mem:            7942        4045         333          67        3946        3896
Swap:              0           0           0
               total        used        free      shared  buff/cache   available
Mem:            7942        4124         135          67        4065        3817
Swap:              0           0           0
               total        used        free      shared  buff/cache   available
Mem:            7942        4060         303          67        3961        3882
Swap:              0           0           0
               total        used        free      shared  buff/cache   available
Mem:            7942        4016         129          67        4179        3926
Swap:              0           0           0
               total        used        free      shared  buff/cache   available
Mem:            7942        4166         139          67        4019        3775
Swap:              0           0           0
               total        used        free      shared  buff/cache   available
Mem:            7942        4175         134          67        4015        3766
Swap:              0           0           0
               total        used        free      shared  buff/cache   available
Mem:            7942        4248         141          67        3935        3693
Swap:              0           0           0
               total        used        free      shared  buff/cache   available
Mem:            7942        4170         127          67        4026        3771
Swap:              0           0           0
               total        used        free      shared  buff/cache   available
Mem:            7942        4174         181          67        3969        3767
Swap:              0           0           0
               total        used        free      shared  buff/cache   available
Mem:            7942        4048         247          67        4029        3894
Swap:              0           0           0
               total        used        free      shared  buff/cache   available
Mem:            7942        4232         130          67        3962        3710
Swap:              0           0           0
               total        used        free      shared  buff/cache   available
Mem:            7942        4277         136          67        3911        3665
Swap:              0           0           0
               total        used        free      shared  buff/cache   available
Mem:            7942        4297         145          67        3882        3644
Swap:              0           0           0
               total        used        free      shared  buff/cache   available
Mem:            7942        4546         134          67        3644        3395
Swap:              0           0           0
               total        used        free      shared  buff/cache   available
Mem:            7942        4558         128          67        3638        3383
Swap:              0           0           0
               total        used        free      shared  buff/cache   available
Mem:            7942        4602         149          67        3573        3339
Swap:              0           0           0
               total        used        free      shared  buff/cache   available
Mem:            7942        4610         144          67        3570        3332
Swap:              0           0           0
               total        used        free      shared  buff/cache   available
Mem:            7942        4607         128          67        3589        3335
Swap:              0           0           0
               total        used        free      shared  buff/cache   available
Mem:            7942        4604         138          67        3582        3337
Swap:              0           0           0
               total        used        free      shared  buff/cache   available
Mem:            7942        4598         136          67        3590        3343
Swap:              0           0           0
               total        used        free      shared  buff/cache   available
Mem:            7942        4602         131          67        3591        3339
Swap:              0           0           0
               total        used        free      shared  buff/cache   available
Mem:            7942        4604         139          67        3581        3338
Swap:              0           0           0
               total        used        free      shared  buff/cache   available
Mem:            7942        4604         138          67        3582        3337
Swap:              0           0           0
               total        used        free      shared  buff/cache   available
Mem:            7942        4615         130          67        3579        3327
Swap:              0           0           0
               total        used        free      shared  buff/cache   available
Mem:            7942        4617         137          67        3571        3325
Swap:              0           0           0
               total        used        free      shared  buff/cache   available
Mem:            7942        4607         145          67        3571        3334
Swap:              0           0           0
               total        used        free      shared  buff/cache   available
Mem:            7942        4623         133          67        3568        3319
Swap:              0           0           0
               total        used        free      shared  buff/cache   available
Mem:            7942        4606         129          67        3589        3335
Swap:              0           0           0
               total        used        free      shared  buff/cache   available
Mem:            7942        4607         134          67        3582        3334
Swap:              0           0           0
               total        used        free      shared  buff/cache   available
Mem:            7942        4617         131          67        3575        3324
Swap:              0           0           0
               total        used        free      shared  buff/cache   available
Mem:            7942        4608         145          67        3571        3333
Swap:              0           0           0
               total        used        free      shared  buff/cache   available
Mem:            7942        4617         134          67        3573        3324
Swap:              0           0           0
               total        used        free      shared  buff/cache   available
Mem:            7942        4641         134          67        3549        3300
Swap:              0           0           0
               total        used        free      shared  buff/cache   available
Mem:            7942        4649         149          67        3527        3292
Swap:              0           0           0
               total        used        free      shared  buff/cache   available
Mem:            7942        4688         131          67        3505        3253
Swap:              0           0           0
               total        used        free      shared  buff/cache   available
Mem:            7942        4719         128          67        3477        3222
Swap:              0           0           0
               total        used        free      shared  buff/cache   available
Mem:            7942        4717         176          67        3432        3225
Swap:              0           0           0
               total        used        free      shared  buff/cache   available
Mem:            7942        4752         155          67        3417        3189
Swap:              0           0           0
               total        used        free      shared  buff/cache   available
Mem:            7942        4761         144          67        3419        3180
Swap:              0           0           0
               total        used        free      shared  buff/cache   available
Mem:            7942        4787         132          67        3405        3154
Swap:              0           0           0
               total        used        free      shared  buff/cache   available
Mem:            7942        4788         164          67        3373        3154
Swap:              0           0           0
               total        used        free      shared  buff/cache   available
Mem:            7942        4807         157          67        3360        3135
Swap:              0           0           0
               total        used        free      shared  buff/cache   available
Mem:            7942        4800         177          67        3347        3141
Swap:              0           0           0
               total        used        free      shared  buff/cache   available
Mem:            7942        4804         143          67        3377        3137
Swap:              0           0           0
               total        used        free      shared  buff/cache   available
Mem:            7942        4795         149          67        3380        3147
Swap:              0           0           0
               total        used        free      shared  buff/cache   available
Mem:            7942        4808         156          67        3360        3133
Swap:              0           0           0
               total        used        free      shared  buff/cache   available
Mem:            7942        4800         139          67        3385        3141
Swap:              0           0           0
               total        used        free      shared  buff/cache   available
Mem:            7942        4788         142          67        3394        3153
Swap:              0           0           0
               total        used        free      shared  buff/cache   available
Mem:            7942        4817         127          67        3381        3125
Swap:              0           0           0
               total        used        free      shared  buff/cache   available
Mem:            7942        4801         155          67        3368        3140
Swap:              0           0           0
               total        used        free      shared  buff/cache   available
Mem:            7942        4827         129          67        3368        3115
Swap:              0           0           0
               total        used        free      shared  buff/cache   available
Mem:            7942        4854         136          67        3334        3087
Swap:              0           0           0
               total        used        free      shared  buff/cache   available
Mem:            7942        4873         150          67        3301        3068
Swap:              0           0           0
               total        used        free      shared  buff/cache   available
Mem:            7942        4843         133          67        3348        3098
Swap:              0           0           0
               total        used        free      shared  buff/cache   available
Mem:            7942        4866         130          67        3328        3075
Swap:              0           0           0
               total        used        free      shared  buff/cache   available
Mem:            7942        4884         149          67        3291        3057
Swap:              0           0           0
               total        used        free      shared  buff/cache   available
Mem:            7942        4958         131          67        3235        2984
Swap:              0           0           0
               total        used        free      shared  buff/cache   available
Mem:            7942        5005         124          67        3195        2937
Swap:              0           0           0
               total        used        free      shared  buff/cache   available
Mem:            7942        4993         162          67        3169        2948
Swap:              0           0           0
               total        used        free      shared  buff/cache   available
Mem:            7942        5014         132          67        3179        2928
Swap:              0           0           0
               total        used        free      shared  buff/cache   available
Mem:            7942        5010         145          67        3170        2932
Swap:              0           0           0
               total        used        free      shared  buff/cache   available
Mem:            7942        5022         143          67        3159        2919
Swap:              0           0           0
               total        used        free      shared  buff/cache   available
Mem:            7942        4094         966          67        3264        3847
Swap:              0           0           0
               total        used        free      shared  buff/cache   available
Mem:            7942        4044        1079          67        3201        3898
Swap:              0           0           0
               total        used        free      shared  buff/cache   available
Mem:            7942        4102         851          67        3372        3839
Swap:              0           0           0
               total        used        free      shared  buff/cache   available
Mem:            7942        4037         151          67        4136        3904
Swap:              0           0           0
               total        used        free      shared  buff/cache   available
Mem:            7942        4069         253          67        4003        3873
Swap:              0           0           0
               total        used        free      shared  buff/cache   available
Mem:            7942        4067         185          67        4072        3874
Swap:              0           0           0
               total        used        free      shared  buff/cache   available
Mem:            7942        4042         139          67        4143        3899
Swap:              0           0           0
               total        used        free      shared  buff/cache   available
Mem:            7942        4002         141          67        4180        3939
Swap:              0           0           0
               total        used        free      shared  buff/cache   available
Mem:            7942        4152         174          67        3998        3789
Swap:              0           0           0
               total        used        free      shared  buff/cache   available
Mem:            7942        4168         155          67        4001        3774
Swap:              0           0           0
               total        used        free      shared  buff/cache   available
Mem:            7942        4005         154          67        4166        3937
Swap:              0           0           0
               total        used        free      shared  buff/cache   available
Mem:            7942        4016         144          67        4164        3925
Swap:              0           0           0
               total        used        free      shared  buff/cache   available
Mem:            7942        4018         174          67        4132        3923
Swap:              0           0           0
               total        used        free      shared  buff/cache   available
Mem:            7942        4018         125          67        4180        3923
Swap:              0           0           0
               total        used        free      shared  buff/cache   available
Mem:            7942        4030         132          67        4162        3912
Swap:              0           0           0
               total        used        free      shared  buff/cache   available
Mem:            7942        4034         125          67        4165        3907
Swap:              0           0           0
               total        used        free      shared  buff/cache   available
Mem:            7942        4023         157          67        4143        3918
Swap:              0           0           0
               total        used        free      shared  buff/cache   available
Mem:            7942        4051         125          67        4148        3891
Swap:              0           0           0
               total        used        free      shared  buff/cache   available
Mem:            7942        4042         186          67        4096        3899
Swap:              0           0           0
               total        used        free      shared  buff/cache   available
Mem:            7942        4049         147          67        4128        3892
Swap:              0           0           0
               total        used        free      shared  buff/cache   available
Mem:            7942        4055         132          67        4137        3886
Swap:              0           0           0
               total        used        free      shared  buff/cache   available
Mem:            7942        4011         142          67        4170        3930
Swap:              0           0           0
               total        used        free      shared  buff/cache   available
Mem:            7942        4005         133          67        4186        3936
Swap:              0           0           0
               total        used        free      shared  buff/cache   available
Mem:            7942        4014         126          67        4184        3928
Swap:              0           0           0
               total        used        free      shared  buff/cache   available
Mem:            7942        4001         139          67        4183        3940
Swap:              0           0           0
               total        used        free      shared  buff/cache   available
Mem:            7942        4005         148          67        4171        3936
Swap:              0           0           0
               total        used        free      shared  buff/cache   available
Mem:            7942        4038         159          67        4127        3903
Swap:              0           0           0
               total        used        free      shared  buff/cache   available
Mem:            7942        4054         129          67        4142        3888
Swap:              0           0           0
               total        used        free      shared  buff/cache   available
Mem:            7942        4030         167          67        4127        3911
Swap:              0           0           0
               total        used        free      shared  buff/cache   available
Mem:            7942        4052         136          67        4136        3889
Swap:              0           0           0
               total        used        free      shared  buff/cache   available
Mem:            7942        4030         155          67        4139        3911
Swap:              0           0           0
               total        used        free      shared  buff/cache   available
Mem:            7942        4061         147          67        4117        3881
Swap:              0           0           0
               total        used        free      shared  buff/cache   available
Mem:            7942        4057         142          67        4125        3884
Swap:              0           0           0
               total        used        free      shared  buff/cache   available
Mem:            7942        4036         145          67        4142        3905
Swap:              0           0           0
               total        used        free      shared  buff/cache   available
Mem:            7942        4083         144          67        4097        3858
Swap:              0           0           0
               total        used        free      shared  buff/cache   available
Mem:            7942        4048         183          67        4093        3894
Swap:              0           0           0
               total        used        free      shared  buff/cache   available
Mem:            7942        4050         167          67        4107        3891
Swap:              0           0           0
               total        used        free      shared  buff/cache   available
Mem:            7942        4125         154          67        4045        3816
Swap:              0           0           0
               total        used        free      shared  buff/cache   available
Mem:            7942        4396         177          67        3751        3545
Swap:              0           0           0
               total        used        free      shared  buff/cache   available
Mem:            7942        4592         156          67        3575        3349
Swap:              0           0           0
               total        used        free      shared  buff/cache   available
Mem:            7942        4756         158          67        3410        3185
Swap:              0           0           0
               total        used        free      shared  buff/cache   available
Mem:            7942        4884         135          67        3305        3057
Swap:              0           0           0
               total        used        free      shared  buff/cache   available
Mem:            7942        4928         153          67        3243        3013
Swap:              0           0           0
               total        used        free      shared  buff/cache   available
Mem:            7942        5074         146          67        3104        2868
Swap:              0           0           0
               total        used        free      shared  buff/cache   available
Mem:            7942        5326         134          67        2864        2615
Swap:              0           0           0
               total        used        free      shared  buff/cache   available
Mem:            7942        5499         131          67        2694        2443
Swap:              0           0           0
               total        used        free      shared  buff/cache   available
Mem:            7942        5650         127          67        2547        2292
Swap:              0           0           0
               total        used        free      shared  buff/cache   available
Mem:            7942        5828         162          67        2334        2113
Swap:              0           0           0
               total        used        free      shared  buff/cache   available
Mem:            7942        6028         134          67        2163        1914
Swap:              0           0           0
               total        used        free      shared  buff/cache   available
Mem:            7942        6143         127          67        2054        1798
Swap:              0           0           0
               total        used        free      shared  buff/cache   available
Mem:            7942        6198         130          67        1997        1744
Swap:              0           0           0
               total        used        free      shared  buff/cache   available
Mem:            7942        6312         141          67        1871        1629
Swap:              0           0           0
               total        used        free      shared  buff/cache   available
Mem:            7942        6338         128          67        1857        1603
Swap:              0           0           0
